Archive member included to satisfy reference by file (symbol)

../libopencm3//lib/libopencm3_stm32f0.a(rcc.o)
                              ecgpatside.o (rcc_periph_clock_enable)
../libopencm3//lib/libopencm3_stm32f0.a(gpio_common_all.o)
                              ecgpatside.o (gpio_set)
../libopencm3//lib/libopencm3_stm32f0.a(gpio_common_f0234.o)
                              ecgpatside.o (gpio_mode_setup)
../libopencm3//lib/libopencm3_stm32f0.a(flash_common_f01.o)
                              ../libopencm3//lib/libopencm3_stm32f0.a(rcc.o) (flash_set_ws)
../libopencm3//lib/libopencm3_stm32f0.a(vector.o)
                              (reset_handler)
../libopencm3//lib/libopencm3_stm32f0.a(assert.o)
                              ../libopencm3//lib/libopencm3_stm32f0.a(rcc.o) (cm3_assert_failed)
../libopencm3//lib/libopencm3_stm32f0.a(flash.o)
                              ../libopencm3//lib/libopencm3_stm32f0.a(flash_common_f01.o) (flash_get_status_flags)
/usr/lib/gcc/arm-none-eabi/4.8/armv6-m/libgcc.a(_thumb1_case_uqi.o)
                              ../libopencm3//lib/libopencm3_stm32f0.a(rcc.o) (__gnu_thumb1_case_uqi)

Discarded input sections

 .text          0x00000000        0x0 ecgpatside.o
 .data          0x00000000        0x0 ecgpatside.o
 .bss           0x00000000        0x0 ecgpatside.o
 .text          0x00000000        0x0 ../libopencm3//lib/libopencm3_stm32f0.a(rcc.o)
 .data          0x00000000        0x0 ../libopencm3//lib/libopencm3_stm32f0.a(rcc.o)
 .bss           0x00000000        0x0 ../libopencm3//lib/libopencm3_stm32f0.a(rcc.o)
 .text.rcc_osc_ready_int_clear
                0x00000000       0x3c ../libopencm3//lib/libopencm3_stm32f0.a(rcc.o)
 .text.rcc_osc_ready_int_enable
                0x00000000       0x3c ../libopencm3//lib/libopencm3_stm32f0.a(rcc.o)
 .text.rcc_osc_ready_int_disable
                0x00000000       0x58 ../libopencm3//lib/libopencm3_stm32f0.a(rcc.o)
 .text.rcc_osc_ready_int_flag
                0x00000000       0x3c ../libopencm3//lib/libopencm3_stm32f0.a(rcc.o)
 .text.rcc_css_int_clear
                0x00000000       0x14 ../libopencm3//lib/libopencm3_stm32f0.a(rcc.o)
 .text.rcc_css_int_flag
                0x00000000       0x10 ../libopencm3//lib/libopencm3_stm32f0.a(rcc.o)
 .text.rcc_wait_for_osc_ready
                0x00000000       0x50 ../libopencm3//lib/libopencm3_stm32f0.a(rcc.o)
 .text.rcc_osc_on
                0x00000000       0x54 ../libopencm3//lib/libopencm3_stm32f0.a(rcc.o)
 .text.rcc_osc_off
                0x00000000       0x4c ../libopencm3//lib/libopencm3_stm32f0.a(rcc.o)
 .text.rcc_css_enable
                0x00000000       0x14 ../libopencm3//lib/libopencm3_stm32f0.a(rcc.o)
 .text.rcc_css_disable
                0x00000000       0x14 ../libopencm3//lib/libopencm3_stm32f0.a(rcc.o)
 .text.rcc_osc_bypass_enable
                0x00000000       0x28 ../libopencm3//lib/libopencm3_stm32f0.a(rcc.o)
 .text.rcc_osc_bypass_disable
                0x00000000       0x2c ../libopencm3//lib/libopencm3_stm32f0.a(rcc.o)
 .text.rcc_set_sysclk_source
                0x00000000       0x44 ../libopencm3//lib/libopencm3_stm32f0.a(rcc.o)
 .text.rcc_set_pll_multiplication_factor
                0x00000000       0x14 ../libopencm3//lib/libopencm3_stm32f0.a(rcc.o)
 .text.rcc_set_ppre
                0x00000000       0x18 ../libopencm3//lib/libopencm3_stm32f0.a(rcc.o)
 .text.rcc_set_hpre
                0x00000000       0x14 ../libopencm3//lib/libopencm3_stm32f0.a(rcc.o)
 .text.rcc_set_prediv
                0x00000000       0x14 ../libopencm3//lib/libopencm3_stm32f0.a(rcc.o)
 .text.rcc_set_mco
                0x00000000       0x18 ../libopencm3//lib/libopencm3_stm32f0.a(rcc.o)
 .text.rcc_system_clock_source
                0x00000000       0x34 ../libopencm3//lib/libopencm3_stm32f0.a(rcc.o)
 .text.rcc_clock_setup_in_hsi_out_8mhz
                0x00000000       0x40 ../libopencm3//lib/libopencm3_stm32f0.a(rcc.o)
 .text.rcc_clock_setup_in_hsi_out_16mhz
                0x00000000       0x6c ../libopencm3//lib/libopencm3_stm32f0.a(rcc.o)
 .text.rcc_clock_setup_in_hsi_out_24mhz
                0x00000000       0x6c ../libopencm3//lib/libopencm3_stm32f0.a(rcc.o)
 .text.rcc_clock_setup_in_hsi_out_32mhz
                0x00000000       0x6c ../libopencm3//lib/libopencm3_stm32f0.a(rcc.o)
 .text.rcc_clock_setup_in_hsi_out_40mhz
                0x00000000       0x6c ../libopencm3//lib/libopencm3_stm32f0.a(rcc.o)
 .text.rcc_clock_setup_in_hsi_out_48mhz
                0x00000000       0x6c ../libopencm3//lib/libopencm3_stm32f0.a(rcc.o)
 .text.rcc_periph_clock_disable
                0x00000000       0x1c ../libopencm3//lib/libopencm3_stm32f0.a(rcc.o)
 .text.rcc_periph_reset_pulse
                0x00000000       0x20 ../libopencm3//lib/libopencm3_stm32f0.a(rcc.o)
 .text.rcc_periph_reset_hold
                0x00000000       0x1c ../libopencm3//lib/libopencm3_stm32f0.a(rcc.o)
 .text.rcc_periph_reset_release
                0x00000000       0x1c ../libopencm3//lib/libopencm3_stm32f0.a(rcc.o)
 .data.rcc_core_frequency
                0x00000000        0x4 ../libopencm3//lib/libopencm3_stm32f0.a(rcc.o)
 .data.rcc_ppre_frequency
                0x00000000        0x4 ../libopencm3//lib/libopencm3_stm32f0.a(rcc.o)
 .text          0x00000000        0x0 ../libopencm3//lib/libopencm3_stm32f0.a(gpio_common_all.o)
 .data          0x00000000        0x0 ../libopencm3//lib/libopencm3_stm32f0.a(gpio_common_all.o)
 .bss           0x00000000        0x0 ../libopencm3//lib/libopencm3_stm32f0.a(gpio_common_all.o)
 .text.gpio_get
                0x00000000        0x6 ../libopencm3//lib/libopencm3_stm32f0.a(gpio_common_all.o)
 .text.gpio_toggle
                0x00000000       0x10 ../libopencm3//lib/libopencm3_stm32f0.a(gpio_common_all.o)
 .text.gpio_port_read
                0x00000000        0x6 ../libopencm3//lib/libopencm3_stm32f0.a(gpio_common_all.o)
 .text.gpio_port_write
                0x00000000        0x4 ../libopencm3//lib/libopencm3_stm32f0.a(gpio_common_all.o)
 .text.gpio_port_config_lock
                0x00000000       0x12 ../libopencm3//lib/libopencm3_stm32f0.a(gpio_common_all.o)
 .text          0x00000000        0x0 ../libopencm3//lib/libopencm3_stm32f0.a(gpio_common_f0234.o)
 .data          0x00000000        0x0 ../libopencm3//lib/libopencm3_stm32f0.a(gpio_common_f0234.o)
 .bss           0x00000000        0x0 ../libopencm3//lib/libopencm3_stm32f0.a(gpio_common_f0234.o)
 .text.gpio_set_output_options
                0x00000000       0x36 ../libopencm3//lib/libopencm3_stm32f0.a(gpio_common_f0234.o)
 .text.gpio_set_af
                0x00000000       0x4e ../libopencm3//lib/libopencm3_stm32f0.a(gpio_common_f0234.o)
 .text          0x00000000        0x0 ../libopencm3//lib/libopencm3_stm32f0.a(flash_common_f01.o)
 .data          0x00000000        0x0 ../libopencm3//lib/libopencm3_stm32f0.a(flash_common_f01.o)
 .bss           0x00000000        0x0 ../libopencm3//lib/libopencm3_stm32f0.a(flash_common_f01.o)
 .text.flash_prefetch_buffer_enable
                0x00000000       0x10 ../libopencm3//lib/libopencm3_stm32f0.a(flash_common_f01.o)
 .text.flash_prefetch_buffer_disable
                0x00000000       0x10 ../libopencm3//lib/libopencm3_stm32f0.a(flash_common_f01.o)
 .text.flash_set_ws
                0x00000000       0x14 ../libopencm3//lib/libopencm3_stm32f0.a(flash_common_f01.o)
 .text.flash_unlock
                0x00000000       0x28 ../libopencm3//lib/libopencm3_stm32f0.a(flash_common_f01.o)
 .text.flash_lock
                0x00000000       0x10 ../libopencm3//lib/libopencm3_stm32f0.a(flash_common_f01.o)
 .text.flash_clear_pgerr_flag
                0x00000000       0x10 ../libopencm3//lib/libopencm3_stm32f0.a(flash_common_f01.o)
 .text.flash_clear_eop_flag
                0x00000000       0x10 ../libopencm3//lib/libopencm3_stm32f0.a(flash_common_f01.o)
 .text.flash_clear_wrprterr_flag
                0x00000000       0x10 ../libopencm3//lib/libopencm3_stm32f0.a(flash_common_f01.o)
 .text.flash_clear_bsy_flag
                0x00000000       0x10 ../libopencm3//lib/libopencm3_stm32f0.a(flash_common_f01.o)
 .text.flash_wait_for_last_operation
                0x00000000        0xc ../libopencm3//lib/libopencm3_stm32f0.a(flash_common_f01.o)
 .text.flash_program_word
                0x00000000       0x16 ../libopencm3//lib/libopencm3_stm32f0.a(flash_common_f01.o)
 .text.flash_unlock_option_bytes
                0x00000000       0x18 ../libopencm3//lib/libopencm3_stm32f0.a(flash_common_f01.o)
 .text.flash_erase_option_bytes
                0x00000000       0x34 ../libopencm3//lib/libopencm3_stm32f0.a(flash_common_f01.o)
 .text.flash_program_option_bytes
                0x00000000       0x30 ../libopencm3//lib/libopencm3_stm32f0.a(flash_common_f01.o)
 .debug_info    0x00000000      0x277 ../libopencm3//lib/libopencm3_stm32f0.a(flash_common_f01.o)
 .debug_abbrev  0x00000000       0xe1 ../libopencm3//lib/libopencm3_stm32f0.a(flash_common_f01.o)
 .debug_loc     0x00000000       0xc6 ../libopencm3//lib/libopencm3_stm32f0.a(flash_common_f01.o)
 .debug_aranges
                0x00000000       0x88 ../libopencm3//lib/libopencm3_stm32f0.a(flash_common_f01.o)
 .debug_ranges  0x00000000       0x78 ../libopencm3//lib/libopencm3_stm32f0.a(flash_common_f01.o)
 .debug_line    0x00000000      0x1f6 ../libopencm3//lib/libopencm3_stm32f0.a(flash_common_f01.o)
 .debug_str     0x00000000      0x2ed ../libopencm3//lib/libopencm3_stm32f0.a(flash_common_f01.o)
 .comment       0x00000000       0x2c ../libopencm3//lib/libopencm3_stm32f0.a(flash_common_f01.o)
 .ARM.attributes
                0x00000000       0x31 ../libopencm3//lib/libopencm3_stm32f0.a(flash_common_f01.o)
 .debug_frame   0x00000000      0x120 ../libopencm3//lib/libopencm3_stm32f0.a(flash_common_f01.o)
 .text          0x00000000        0x0 ../libopencm3//lib/libopencm3_stm32f0.a(vector.o)
 .data          0x00000000        0x0 ../libopencm3//lib/libopencm3_stm32f0.a(vector.o)
 .bss           0x00000000        0x0 ../libopencm3//lib/libopencm3_stm32f0.a(vector.o)
 .text          0x00000000        0x0 ../libopencm3//lib/libopencm3_stm32f0.a(assert.o)
 .data          0x00000000        0x0 ../libopencm3//lib/libopencm3_stm32f0.a(assert.o)
 .bss           0x00000000        0x0 ../libopencm3//lib/libopencm3_stm32f0.a(assert.o)
 .text.cm3_assert_failed
                0x00000000        0x2 ../libopencm3//lib/libopencm3_stm32f0.a(assert.o)
 .text.cm3_assert_failed_verbose
                0x00000000        0x6 ../libopencm3//lib/libopencm3_stm32f0.a(assert.o)
 .debug_info    0x00000000       0xea ../libopencm3//lib/libopencm3_stm32f0.a(assert.o)
 .debug_abbrev  0x00000000       0x86 ../libopencm3//lib/libopencm3_stm32f0.a(assert.o)
 .debug_loc     0x00000000       0x84 ../libopencm3//lib/libopencm3_stm32f0.a(assert.o)
 .debug_aranges
                0x00000000       0x28 ../libopencm3//lib/libopencm3_stm32f0.a(assert.o)
 .debug_ranges  0x00000000       0x18 ../libopencm3//lib/libopencm3_stm32f0.a(assert.o)
 .debug_line    0x00000000       0x53 ../libopencm3//lib/libopencm3_stm32f0.a(assert.o)
 .debug_str     0x00000000      0x191 ../libopencm3//lib/libopencm3_stm32f0.a(assert.o)
 .comment       0x00000000       0x2c ../libopencm3//lib/libopencm3_stm32f0.a(assert.o)
 .ARM.attributes
                0x00000000       0x31 ../libopencm3//lib/libopencm3_stm32f0.a(assert.o)
 .debug_frame   0x00000000       0x38 ../libopencm3//lib/libopencm3_stm32f0.a(assert.o)
 .text          0x00000000        0x0 ../libopencm3//lib/libopencm3_stm32f0.a(flash.o)
 .data          0x00000000        0x0 ../libopencm3//lib/libopencm3_stm32f0.a(flash.o)
 .bss           0x00000000        0x0 ../libopencm3//lib/libopencm3_stm32f0.a(flash.o)
 .text.flash_clear_status_flags
                0x00000000       0x14 ../libopencm3//lib/libopencm3_stm32f0.a(flash.o)
 .text.flash_get_status_flags
                0x00000000       0x10 ../libopencm3//lib/libopencm3_stm32f0.a(flash.o)
 .text.flash_program_half_word
                0x00000000       0x28 ../libopencm3//lib/libopencm3_stm32f0.a(flash.o)
 .text.flash_erase_page
                0x00000000       0x34 ../libopencm3//lib/libopencm3_stm32f0.a(flash.o)
 .text.flash_erase_all_pages
                0x00000000       0x28 ../libopencm3//lib/libopencm3_stm32f0.a(flash.o)
 .debug_info    0x00000000      0x1af ../libopencm3//lib/libopencm3_stm32f0.a(flash.o)
 .debug_abbrev  0x00000000       0x96 ../libopencm3//lib/libopencm3_stm32f0.a(flash.o)
 .debug_loc     0x00000000       0x79 ../libopencm3//lib/libopencm3_stm32f0.a(flash.o)
 .debug_aranges
                0x00000000       0x40 ../libopencm3//lib/libopencm3_stm32f0.a(flash.o)
 .debug_ranges  0x00000000       0x30 ../libopencm3//lib/libopencm3_stm32f0.a(flash.o)
 .debug_line    0x00000000      0x130 ../libopencm3//lib/libopencm3_stm32f0.a(flash.o)
 .debug_str     0x00000000      0x264 ../libopencm3//lib/libopencm3_stm32f0.a(flash.o)
 .comment       0x00000000       0x2c ../libopencm3//lib/libopencm3_stm32f0.a(flash.o)
 .ARM.attributes
                0x00000000       0x31 ../libopencm3//lib/libopencm3_stm32f0.a(flash.o)
 .debug_frame   0x00000000       0x90 ../libopencm3//lib/libopencm3_stm32f0.a(flash.o)
 .text          0x00000000       0x14 /usr/lib/gcc/arm-none-eabi/4.8/armv6-m/libgcc.a(_thumb1_case_uqi.o)
 .data          0x00000000        0x0 /usr/lib/gcc/arm-none-eabi/4.8/armv6-m/libgcc.a(_thumb1_case_uqi.o)
 .bss           0x00000000        0x0 /usr/lib/gcc/arm-none-eabi/4.8/armv6-m/libgcc.a(_thumb1_case_uqi.o)
 .ARM.attributes
                0x00000000       0x1e /usr/lib/gcc/arm-none-eabi/4.8/armv6-m/libgcc.a(_thumb1_case_uqi.o)
 .debug_line    0x00000000       0x6c /usr/lib/gcc/arm-none-eabi/4.8/armv6-m/libgcc.a(_thumb1_case_uqi.o)
 .debug_info    0x00000000       0xb5 /usr/lib/gcc/arm-none-eabi/4.8/armv6-m/libgcc.a(_thumb1_case_uqi.o)
 .debug_abbrev  0x00000000       0x14 /usr/lib/gcc/arm-none-eabi/4.8/armv6-m/libgcc.a(_thumb1_case_uqi.o)
 .debug_aranges
                0x00000000       0x20 /usr/lib/gcc/arm-none-eabi/4.8/armv6-m/libgcc.a(_thumb1_case_uqi.o)

Memory Configuration

Name             Origin             Length             Attributes
rom              0x08000000         0x00010000         xr
ram              0x20000000         0x00002000         xrw
*default*        0x00000000         0xffffffff

Linker script and memory map

LOAD ecgpatside.o
LOAD ../libopencm3//lib/libopencm3_stm32f0.a
START GROUP
LOAD /usr/lib/gcc/arm-none-eabi/4.8/../../../arm-none-eabi/lib/armv6-m/libc.a
LOAD /usr/lib/gcc/arm-none-eabi/4.8/armv6-m/libgcc.a
LOAD /usr/lib/gcc/arm-none-eabi/4.8/../../../arm-none-eabi/lib/armv6-m/libnosys.a
END GROUP
START GROUP
LOAD /usr/lib/gcc/arm-none-eabi/4.8/armv6-m/libgcc.a
LOAD /usr/lib/gcc/arm-none-eabi/4.8/../../../arm-none-eabi/lib/armv6-m/libc.a
END GROUP

.text           0x08000000      0x208
 *(.vectors)
 .vectors       0x08000000       0xc0 ../libopencm3//lib/libopencm3_stm32f0.a(vector.o)
                0x08000000                vector_table
 *(.text*)
 .text.startup.main
                0x080000c0       0x58 ecgpatside.o
                0x080000c0                main
 .text.rcc_periph_clock_enable
                0x08000118       0x1c ../libopencm3//lib/libopencm3_stm32f0.a(rcc.o)
                0x08000118                rcc_periph_clock_enable
 .text.gpio_set
                0x08000134        0x4 ../libopencm3//lib/libopencm3_stm32f0.a(gpio_common_all.o)
                0x08000134                gpio_set
 .text.gpio_clear
                0x08000138        0x6 ../libopencm3//lib/libopencm3_stm32f0.a(gpio_common_all.o)
                0x08000138                gpio_clear
 .text.gpio_mode_setup
                0x0800013e       0x48 ../libopencm3//lib/libopencm3_stm32f0.a(gpio_common_f0234.o)
                0x0800013e                gpio_mode_setup
 .text.blocking_handler
                0x08000186        0x2 ../libopencm3//lib/libopencm3_stm32f0.a(vector.o)
                0x08000186                rtc_isr
                0x08000186                tim7_isr
                0x08000186                blocking_handler
                0x08000186                tsc_isr
                0x08000186                spi1_isr
                0x08000186                i2c1_isr
                0x08000186                tim17_isr
                0x08000186                i2c2_isr
                0x08000186                usart1_isr
                0x08000186                usart3_4_isr
                0x08000186                tim1_cc_isr
                0x08000186                exti2_3_isr
                0x08000186                tim16_isr
                0x08000186                pvd_isr
                0x08000186                rcc_isr
                0x08000186                flash_isr
                0x08000186                hard_fault_handler
                0x08000186                tim14_isr
                0x08000186                spi2_isr
                0x08000186                usb_isr
                0x08000186                tim15_isr
                0x08000186                tim3_isr
                0x08000186                usart2_isr
                0x08000186                adc_comp_isr
                0x08000186                dma1_channel1_isr
                0x08000186                tim6_dac_isr
                0x08000186                tim1_brk_up_trg_com_isr
                0x08000186                dma1_channel2_3_isr
                0x08000186                exti4_15_isr
                0x08000186                cec_can_isr
                0x08000186                wwdg_isr
                0x08000186                tim2_isr
                0x08000186                dma1_channel4_5_isr
                0x08000186                exti0_1_isr
 .text.null_handler
                0x08000188        0x2 ../libopencm3//lib/libopencm3_stm32f0.a(vector.o)
                0x08000188                null_handler
                0x08000188                sv_call_handler
                0x08000188                pend_sv_handler
                0x08000188                sys_tick_handler
                0x08000188                nmi_handler
 *fill*         0x0800018a        0x2 
 .text.reset_handler
                0x0800018c       0x7c ../libopencm3//lib/libopencm3_stm32f0.a(vector.o)
                0x0800018c                reset_handler
                0x08000208                . = ALIGN (0x4)
 *(.rodata*)
                0x08000208                . = ALIGN (0x4)

.glue_7         0x08000208        0x0
 .glue_7        0x08000208        0x0 linker stubs

.glue_7t        0x08000208        0x0
 .glue_7t       0x08000208        0x0 linker stubs

.vfp11_veneer   0x08000208        0x0
 .vfp11_veneer  0x08000208        0x0 linker stubs

.v4_bx          0x08000208        0x0
 .v4_bx         0x08000208        0x0 linker stubs

.iplt           0x08000208        0x0
 .iplt          0x08000208        0x0 ecgpatside.o

.rel.dyn        0x08000208        0x0
 .rel.iplt      0x08000208        0x0 ecgpatside.o

.preinit_array  0x08000208        0x0
                0x08000208                . = ALIGN (0x4)
                0x08000208                __preinit_array_start = .
 *(.preinit_array)
                0x08000208                __preinit_array_end = .

.init_array     0x08000208        0x0
                0x08000208                . = ALIGN (0x4)
                0x08000208                __init_array_start = .
 *(SORT(.init_array.*))
 *(.init_array)
                0x08000208                __init_array_end = .

.fini_array     0x08000208        0x0
                0x08000208                . = ALIGN (0x4)
                0x08000208                __fini_array_start = .
 *(.fini_array)
 *(SORT(.fini_array.*))
                0x08000208                __fini_array_end = .

.ARM.extab
 *(.ARM.extab*)

.ARM.exidx      0x08000208        0x0
                0x08000208                __exidx_start = .
 *(.ARM.exidx*)
                0x08000208                __exidx_end = .
                0x08000208                . = ALIGN (0x4)
                0x08000208                _etext = .

.data           0x20000000        0x0 load address 0x08000208
                0x20000000                _data = .
 *(.data*)
                0x20000000                . = ALIGN (0x4)
                0x20000000                _edata = .
                0x08000208                _data_loadaddr = LOADADDR (.data)

.igot.plt       0x20000000        0x0 load address 0x08000208
 .igot.plt      0x20000000        0x0 ecgpatside.o

.bss            0x20000000        0x0 load address 0x08000208
 *(.bss*)
 *(COMMON)
                0x20000000                . = ALIGN (0x4)
                0x20000000                _ebss = .

/DISCARD/
 *(.eh_frame)
                0x20000000                . = ALIGN (0x4)
                0x20000000                end = .
                0x20002000                PROVIDE (_stack, (ORIGIN (ram) + 0x2000))
OUTPUT(ecgpatside.elf elf32-littlearm)

.debug_info     0x00000000     0x14fc
 .debug_info    0x00000000      0x2f1 ecgpatside.o
 .debug_info    0x000002f1      0xb67 ../libopencm3//lib/libopencm3_stm32f0.a(rcc.o)
 .debug_info    0x00000e58      0x228 ../libopencm3//lib/libopencm3_stm32f0.a(gpio_common_all.o)
 .debug_info    0x00001080      0x1f3 ../libopencm3//lib/libopencm3_stm32f0.a(gpio_common_f0234.o)
 .debug_info    0x00001273      0x289 ../libopencm3//lib/libopencm3_stm32f0.a(vector.o)

.debug_abbrev   0x00000000      0x603
 .debug_abbrev  0x00000000       0xfc ecgpatside.o
 .debug_abbrev  0x000000fc      0x22f ../libopencm3//lib/libopencm3_stm32f0.a(rcc.o)
 .debug_abbrev  0x0000032b      0x10b ../libopencm3//lib/libopencm3_stm32f0.a(gpio_common_all.o)
 .debug_abbrev  0x00000436       0xa5 ../libopencm3//lib/libopencm3_stm32f0.a(gpio_common_f0234.o)
 .debug_abbrev  0x000004db      0x128 ../libopencm3//lib/libopencm3_stm32f0.a(vector.o)

.debug_loc      0x00000000      0x596
 .debug_loc     0x00000000       0x86 ecgpatside.o
 .debug_loc     0x00000086      0x1cd ../libopencm3//lib/libopencm3_stm32f0.a(rcc.o)
 .debug_loc     0x00000253       0x76 ../libopencm3//lib/libopencm3_stm32f0.a(gpio_common_all.o)
 .debug_loc     0x000002c9      0x213 ../libopencm3//lib/libopencm3_stm32f0.a(gpio_common_f0234.o)
 .debug_loc     0x000004dc       0xba ../libopencm3//lib/libopencm3_stm32f0.a(vector.o)

.debug_aranges  0x00000000      0x1e0
 .debug_aranges
                0x00000000       0x20 ecgpatside.o
 .debug_aranges
                0x00000020      0x110 ../libopencm3//lib/libopencm3_stm32f0.a(rcc.o)
 .debug_aranges
                0x00000130       0x50 ../libopencm3//lib/libopencm3_stm32f0.a(gpio_common_all.o)
 .debug_aranges
                0x00000180       0x30 ../libopencm3//lib/libopencm3_stm32f0.a(gpio_common_f0234.o)
 .debug_aranges
                0x000001b0       0x30 ../libopencm3//lib/libopencm3_stm32f0.a(vector.o)

.debug_ranges   0x00000000      0x190
 .debug_ranges  0x00000000       0x10 ecgpatside.o
 .debug_ranges  0x00000010      0x100 ../libopencm3//lib/libopencm3_stm32f0.a(rcc.o)
 .debug_ranges  0x00000110       0x40 ../libopencm3//lib/libopencm3_stm32f0.a(gpio_common_all.o)
 .debug_ranges  0x00000150       0x20 ../libopencm3//lib/libopencm3_stm32f0.a(gpio_common_f0234.o)
 .debug_ranges  0x00000170       0x20 ../libopencm3//lib/libopencm3_stm32f0.a(vector.o)

.debug_line     0x00000000      0x841
 .debug_line    0x00000000      0x137 ecgpatside.o
 .debug_line    0x00000137      0x410 ../libopencm3//lib/libopencm3_stm32f0.a(rcc.o)
 .debug_line    0x00000547      0x11a ../libopencm3//lib/libopencm3_stm32f0.a(gpio_common_all.o)
 .debug_line    0x00000661       0xf4 ../libopencm3//lib/libopencm3_stm32f0.a(gpio_common_f0234.o)
 .debug_line    0x00000755       0xec ../libopencm3//lib/libopencm3_stm32f0.a(vector.o)

.debug_str      0x00000000      0xada
 .debug_str     0x00000000      0x2f8 ecgpatside.o
                                0x34b (size before relaxing)
 .debug_str     0x000002f8      0x523 ../libopencm3//lib/libopencm3_stm32f0.a(rcc.o)
                                0x765 (size before relaxing)
 .debug_str     0x0000081b       0x7b ../libopencm3//lib/libopencm3_stm32f0.a(gpio_common_all.o)
                                0x1f3 (size before relaxing)
 .debug_str     0x00000896       0x8a ../libopencm3//lib/libopencm3_stm32f0.a(gpio_common_f0234.o)
                                0x215 (size before relaxing)
 .debug_str     0x00000920      0x1ba ../libopencm3//lib/libopencm3_stm32f0.a(vector.o)
                                0x2f1 (size before relaxing)

.comment        0x00000000       0x2b
 .comment       0x00000000       0x2b ecgpatside.o
                                 0x2c (size before relaxing)
 .comment       0x0000002b       0x2c ../libopencm3//lib/libopencm3_stm32f0.a(rcc.o)
 .comment       0x0000002b       0x2c ../libopencm3//lib/libopencm3_stm32f0.a(gpio_common_all.o)
 .comment       0x0000002b       0x2c ../libopencm3//lib/libopencm3_stm32f0.a(gpio_common_f0234.o)
 .comment       0x0000002b       0x2c ../libopencm3//lib/libopencm3_stm32f0.a(vector.o)

.ARM.attributes
                0x00000000       0x31
 .ARM.attributes
                0x00000000       0x31 ecgpatside.o
 .ARM.attributes
                0x00000031       0x31 ../libopencm3//lib/libopencm3_stm32f0.a(rcc.o)
 .ARM.attributes
                0x00000062       0x31 ../libopencm3//lib/libopencm3_stm32f0.a(gpio_common_all.o)
 .ARM.attributes
                0x00000093       0x31 ../libopencm3//lib/libopencm3_stm32f0.a(gpio_common_f0234.o)
 .ARM.attributes
                0x000000c4       0x31 ../libopencm3//lib/libopencm3_stm32f0.a(vector.o)

.debug_frame    0x00000000      0x3cc
 .debug_frame   0x00000000       0x28 ecgpatside.o
 .debug_frame   0x00000028      0x278 ../libopencm3//lib/libopencm3_stm32f0.a(rcc.o)
 .debug_frame   0x000002a0       0x80 ../libopencm3//lib/libopencm3_stm32f0.a(gpio_common_all.o)
 .debug_frame   0x00000320       0x6c ../libopencm3//lib/libopencm3_stm32f0.a(gpio_common_f0234.o)
 .debug_frame   0x0000038c       0x40 ../libopencm3//lib/libopencm3_stm32f0.a(vector.o)
